// Jest Snapshot v1, https://goo.gl/fbAQLP

exports[`ProgramDetailsSidebar component connected component renders baseComponent 1`] = `
<ProgramDetailsSidebar
  data-test-baseComponent={true}
/>
`;
